[musikschule-cms-bielefeld.de/index.html]
[backblue.gif]
[fade.gif]
[index.html]
[musikschule-cms-bielefeld.de/js/common-bundlec280.js]
[musikschule-cms-bielefeld.de/css/common-bundlec280.css]
[musikschule-cms-bielefeld.de/css/a189c6ad0d532018895de4c4e51e078b-bundlec280.css]
[musikschule-cms-bielefeld.de/Start.html]
[musikschule-cms-bielefeld.de/gallery/Screenshot 2024-03-23 at 12.02.036eb1.png]
[musikschule-cms-bielefeld.de/gallery_gen/51f017f043c1af3875a6d6372e450d90_fit6eb1.png]
[musikschule-cms-bielefeld.de/gallery/Screenshot 2024-03-23 at 12.04.586eb1.png]
[musikschule-cms-bielefeld.de/gallery_gen/a7d59964eab3dcf99e07407b12211b73_fit6eb1.png]
[musikschule-cms-bielefeld.de/Über-uns.html]
[musikschule-cms-bielefeld.de/unsere-Standorte.html]
[musikschule-cms-bielefeld.de/Angebot.html]
[musikschule-cms-bielefeld.de/Musikunterricht.html]
[musikschule-cms-bielefeld.de/Akkordeon.html]
[musikschule-cms-bielefeld.de/Blockflöte.html]
[musikschule-cms-bielefeld.de/Bratsche.html]
[musikschule-cms-bielefeld.de/Cajon.html]
[musikschule-cms-bielefeld.de/Cello.html]
[musikschule-cms-bielefeld.de/Gitarre-Akkustisch-Elektrisch-E-Bass.html]
[musikschule-cms-bielefeld.de/Horn-Waldhorn-Tenorhorn-Baritonhorn.html]
[musikschule-cms-bielefeld.de/Keyboard.html]
[musikschule-cms-bielefeld.de/Klarinete.html]
[musikschule-cms-bielefeld.de/Klavier.html]
[musikschule-cms-bielefeld.de/Trompete.html]
[musikschule-cms-bielefeld.de/Oboe.html]
[musikschule-cms-bielefeld.de/Queerflöte.html]
[musikschule-cms-bielefeld.de/Saxophon.html]
[musikschule-cms-bielefeld.de/Schlagzeug.html]
[musikschule-cms-bielefeld.de/Violine.html]
[musikschule-cms-bielefeld.de/Gesangunterricht.html]
[musikschule-cms-bielefeld.de/JeKits.html]
[musikschule-cms-bielefeld.de/Kunst.html]
[musikschule-cms-bielefeld.de/Stellenangebote.html]
[musikschule-cms-bielefeld.de/Aktuelles.html]
[musikschule-cms-bielefeld.de/Gebühren/Anmeldung.html]
[musikschule-cms-bielefeld.de/Kontakt.html]
[musikschule-cms-bielefeld.de/AGB.html]
[musikschule-cms-bielefeld.de/Impressum.html]
[musikschule-cms-bielefeld.de/gallery/attachments-Image-IMG_11926eb1.jpg]
[musikschule-cms-bielefeld.de/gallery_gen/da36c84bafda7d37407bad3bf5a88da2_1560x1040_fit6eb1.jpg]
[musikschule-cms-bielefeld.de/gallery_gen/51b6bc79bee489416ea4c75cdcae2bf3_1560x1040_fit6eb1.jpg]
[musikschule-cms-bielefeld.de/index.html]
[musikschule-cms-bielefeld.de/js/a189c6ad0d532018895de4c4e51e078b-bundlec280.js]
[musikschule-cms-bielefeld.de/fonts/glyphicons-halflings-regular.eot]
[musikschule-cms-bielefeld.de/fonts/glyphicons-halflings-regulard41d.eot]
[musikschule-cms-bielefeld.de/fonts/glyphicons-halflings-regular.woff2]
[musikschule-cms-bielefeld.de/fonts/glyphicons-halflings-regular.woff]
[musikschule-cms-bielefeld.de/fonts/glyphicons-halflings-regular.ttf]
[musikschule-cms-bielefeld.de/css/fonts/fontawesome-webfont3e6e.eot]
[musikschule-cms-bielefeld.de/css/fonts/fontawesome-webfontd41d.eot]
[musikschule-cms-bielefeld.de/css/fonts/fontawesome-webfont3e6e.woff2]
[musikschule-cms-bielefeld.de/css/fonts/fontawesome-webfont3e6e.woff]
[musikschule-cms-bielefeld.de/css/fonts/fontawesome-webfont3e6e.ttf]
[musikschule-cms-bielefeld.de/css/fonts/custom/Open Sans/memQYaGs126MiZpBA-UFUIcVXSCEkx2cmqvXlWq8tWZ0Pw86hd0Rk5hkaVc.ttf]
[musikschule-cms-bielefeld.de/css/fonts/custom/Open Sans/memQYaGs126MiZpBA-UFUIcVXSCEkx2cmqvXlWq8tWZ0Pw86hd0Rk8ZkaVc.ttf]
[musikschule-cms-bielefeld.de/css/fonts/custom/Open Sans/memQYaGs126MiZpBA-UFUIcVXSCEkx2cmqvXlWq8tWZ0Pw86hd0RkxhjaVc.ttf]
[musikschule-cms-bielefeld.de/css/fonts/custom/Open Sans/memQYaGs126MiZpBA-UFUIcVXSCEkx2cmqvXlWq8tWZ0Pw86hd0RkyFjaVc.ttf]
[musikschule-cms-bielefeld.de/css/fonts/custom/Open Sans/memQYaGs126MiZpBA-UFUIcVXSCEkx2cmqvXlWq8tWZ0Pw86hd0Rk0ZjaVc.ttf]
[musikschule-cms-bielefeld.de/css/fonts/custom/Open Sans/memSYaGs126MiZpBA-UvWbX2vVnXBbObj2OVZyOOSr4dVJWUgsiH0C4n.ttf]
[musikschule-cms-bielefeld.de/css/fonts/custom/Open Sans/memSYaGs126MiZpBA-UvWbX2vVnXBbObj2OVZyOOSr4dVJWUgsjZ0C4n.ttf]
[musikschule-cms-bielefeld.de/css/fonts/custom/Open Sans/memSYaGs126MiZpBA-UvWbX2vVnXBbObj2OVZyOOSr4dVJWUgsgH1y4n.ttf]
[musikschule-cms-bielefeld.de/css/fonts/custom/Open Sans/memSYaGs126MiZpBA-UvWbX2vVnXBbObj2OVZyOOSr4dVJWUgsg-1y4n.ttf]
[musikschule-cms-bielefeld.de/css/fonts/custom/Open Sans/memSYaGs126MiZpBA-UvWbX2vVnXBbObj2OVZyOOSr4dVJWUgshZ1y4n.ttf]
[musikschule-cms-bielefeld.de/css/fonts/custom/Forum/6aey4Ky-Vb8Ew_IW.ttf]
[musikschule-cms-bielefeld.de/css/common-bundlec280.css]
[musikschule-cms-bielefeld.de/gallery_gen/dd198ee7c706c70ab6b727e335260b9d_fit.png]
[musikschule-cms-bielefeld.de/gallery_gen/08958d51d5cf5d5d6913a3648d1c6a2a_fit.jpg]
[musikschule-cms-bielefeld.de/css/a189c6ad0d532018895de4c4e51e078b-bundlec280.css]
[musikschule-cms-bielefeld.de/css/a189c6ad0d530019bdfc050f249010e9-bundlec280.css]
[musikschule-cms-bielefeld.de/Start.html]
[musikschule-cms-bielefeld.de/css/a189c6ad0d530b1bf89a6b214023907d-bundlec280.css]
[musikschule-cms-bielefeld.de/Über-uns.html]
[musikschule-cms-bielefeld.de/css/a189c6ad0d5316e8cc63c7b328711d6c-bundlec280.css]
[musikschule-cms-bielefeld.de/unsere-Standorte.html]
[musikschule-cms-bielefeld.de/css/a189c6ad0d531b1a91d8add84c0e3f69-bundlec280.css]
[musikschule-cms-bielefeld.de/Angebot.html]
[musikschule-cms-bielefeld.de/css/a189c6ad0d5308137af43f41eae7adab-bundlec280.css]
[musikschule-cms-bielefeld.de/Musikunterricht.html]
[musikschule-cms-bielefeld.de/css/a189c6ad0d5309f49ff676454611afdb-bundlec280.css]
[musikschule-cms-bielefeld.de/Akkordeon.html]
[musikschule-cms-bielefeld.de/css/a189c6ad0d530aef5a1af1801169126c-bundlec280.css]
[musikschule-cms-bielefeld.de/Blockflöte.html]
[musikschule-cms-bielefeld.de/css/a189c6ad0d530c27bd23f2822e5b9fc9-bundlec280.css]
[musikschule-cms-bielefeld.de/Bratsche.html]
[musikschule-cms-bielefeld.de/css/a189c6ad0d530d8ab596c098e458de40-bundlec280.css]
[musikschule-cms-bielefeld.de/Cajon.html]
[musikschule-cms-bielefeld.de/css/a189c6ad0d530ef279e2b03ee3048ff2-bundlec280.css]
[musikschule-cms-bielefeld.de/Cello.html]
[musikschule-cms-bielefeld.de/css/a189c6ad0d530f8f1b4e81577084a32b-bundlec280.css]
[musikschule-cms-bielefeld.de/Gitarre-Akkustisch-Elektrisch-E-Bass.html]
[musikschule-cms-bielefeld.de/css/a189c6ad0d53105caad4e870cb5d94bb-bundlec280.css]
[musikschule-cms-bielefeld.de/Horn-Waldhorn-Tenorhorn-Baritonhorn.html]
[musikschule-cms-bielefeld.de/css/a189c6ad0d53111c40e9f9adc5662a96-bundlec280.css]
[musikschule-cms-bielefeld.de/Keyboard.html]
[musikschule-cms-bielefeld.de/css/a189c6ad0d531227d8f34ecfcbba41c7-bundlec280.css]
[musikschule-cms-bielefeld.de/Klarinete.html]
[musikschule-cms-bielefeld.de/css/a189c6ad0d5313634269f30f3afdc8c4-bundlec280.css]
[musikschule-cms-bielefeld.de/Klavier.html]
[musikschule-cms-bielefeld.de/css/a189c6ad0d53199f8bb38e59ab5c43fb-bundlec280.css]
[musikschule-cms-bielefeld.de/Trompete.html]
[musikschule-cms-bielefeld.de/css/a189c6ad0d5314e4d2c452d2c6fe61a6-bundlec280.css]
[musikschule-cms-bielefeld.de/Oboe.html]
[musikschule-cms-bielefeld.de/css/a189c6ad0d5315c3bc47d460e66399ad-bundlec280.css]
[musikschule-cms-bielefeld.de/Queerflöte.html]
[musikschule-cms-bielefeld.de/css/a189c6ad0d53177f0e4247d98cd4ea6f-bundlec280.css]
[musikschule-cms-bielefeld.de/Saxophon.html]
[musikschule-cms-bielefeld.de/css/a189c6ad0d53187bdebc846f14630a33-bundlec280.css]
[musikschule-cms-bielefeld.de/Schlagzeug.html]
[musikschule-cms-bielefeld.de/css/a189c6ad0d531a41c58d199dbc186615-bundlec280.css]
[musikschule-cms-bielefeld.de/Violine.html]
[musikschule-cms-bielefeld.de/css/a189c6ad0d531cd60c2cadddf6c86771-bundlec280.css]
[musikschule-cms-bielefeld.de/Gesangunterricht.html]
[musikschule-cms-bielefeld.de/css/a189c6ad0d531e94613b233ed99bcfe2-bundlec280.css]
[musikschule-cms-bielefeld.de/gallery_gen/f46f616520f38e9455117294cd1cc70a_400x82_fit6eb1.jpg]
[musikschule-cms-bielefeld.de/gallery_gen/404fa268285de53f268209f2e6bf2806_400x198_fit6eb1.jpg]
[musikschule-cms-bielefeld.de/gallery/Jekitz-ts16957280966eb1.jpg]
[musikschule-cms-bielefeld.de/JeKits.html]
[musikschule-cms-bielefeld.de/js/a189c6ad0d5301afb29c1da274468610-bundlec280.js]
[musikschule-cms-bielefeld.de/css/a189c6ad0d5301afb29c1da274468610-bundlec280.css]
[musikschule-cms-bielefeld.de/Kunst.html]
[musikschule-cms-bielefeld.de/css/a189c6ad0d5302ab68dd9a471ebbc677-bundlec280.css]
[musikschule-cms-bielefeld.de/Stellenangebote.html]
[musikschule-cms-bielefeld.de/css/a189c6ad0d5303df81bf01dec5ab44d1-bundlec280.css]
[musikschule-cms-bielefeld.de/Aktuelles.html]
[musikschule-cms-bielefeld.de/css/a189c6ad0d53042b239b0d6224b8aced-bundlec280.css]
[musikschule-cms-bielefeld.de/gallery/data-documents-Unterrichtsvertrag-A.pdf]
[musikschule-cms-bielefeld.de/gallery/data-documents-Unterrichtsvertrag-B.pdf]
[musikschule-cms-bielefeld.de/Gebühren/Anmeldung.html]
[musikschule-cms-bielefeld.de/css/a189c6ad0d5305b029c7a931a341fda2-bundlec280.css]
[musikschule-cms-bielefeld.de/Kontakt.html]
[musikschule-cms-bielefeld.de/css/a189c6ad0d53060401b8cdd78e956bfa-bundlec280.css]
[musikschule-cms-bielefeld.de/AGB.html]
[musikschule-cms-bielefeld.de/css/a189c6ad0d53074d1943e233605b6bd8-bundlec280.css]
[musikschule-cms-bielefeld.de/Impressum.html]
[musikschule-cms-bielefeld.de/fonts/glyphicons-halflings-regular.svg]
[musikschule-cms-bielefeld.de/css/fonts/fontawesome-webfont3e6e.svg]
[musikschule-cms-bielefeld.de/img/icon-logo.html]
[musikschule-cms-bielefeld.de/img/icon-logo-red.html]
[musikschule-cms-bielefeld.de/img/flags_matrix.html]
[musikschule-cms-bielefeld.de/js/a189c6ad0d530019bdfc050f249010e9-bundlec280.js]
[musikschule-cms-bielefeld.de/css/a189c6ad0d530019bdfc050f249010e9-bundlec280.css]
[musikschule-cms-bielefeld.de/js/a189c6ad0d530b1bf89a6b214023907d-bundlec280.js]
[musikschule-cms-bielefeld.de/css/a189c6ad0d530b1bf89a6b214023907d-bundlec280.css]
[musikschule-cms-bielefeld.de/js/a189c6ad0d5316e8cc63c7b328711d6c-bundlec280.js]
[musikschule-cms-bielefeld.de/css/a189c6ad0d5316e8cc63c7b328711d6c-bundlec280.css]
[musikschule-cms-bielefeld.de/js/a189c6ad0d531b1a91d8add84c0e3f69-bundlec280.js]
[musikschule-cms-bielefeld.de/css/a189c6ad0d531b1a91d8add84c0e3f69-bundlec280.css]
[musikschule-cms-bielefeld.de/js/a189c6ad0d5308137af43f41eae7adab-bundlec280.js]
[musikschule-cms-bielefeld.de/css/a189c6ad0d5308137af43f41eae7adab-bundlec280.css]
[musikschule-cms-bielefeld.de/js/a189c6ad0d5309f49ff676454611afdb-bundlec280.js]
[musikschule-cms-bielefeld.de/css/a189c6ad0d5309f49ff676454611afdb-bundlec280.css]
[musikschule-cms-bielefeld.de/js/a189c6ad0d530aef5a1af1801169126c-bundlec280.js]
[musikschule-cms-bielefeld.de/css/a189c6ad0d530aef5a1af1801169126c-bundlec280.css]
[musikschule-cms-bielefeld.de/js/a189c6ad0d530c27bd23f2822e5b9fc9-bundlec280.js]
[musikschule-cms-bielefeld.de/css/a189c6ad0d530c27bd23f2822e5b9fc9-bundlec280.css]
[musikschule-cms-bielefeld.de/js/a189c6ad0d530d8ab596c098e458de40-bundlec280.js]
[musikschule-cms-bielefeld.de/css/a189c6ad0d530d8ab596c098e458de40-bundlec280.css]
[musikschule-cms-bielefeld.de/js/a189c6ad0d530ef279e2b03ee3048ff2-bundlec280.js]
[musikschule-cms-bielefeld.de/css/a189c6ad0d530ef279e2b03ee3048ff2-bundlec280.css]
[musikschule-cms-bielefeld.de/js/a189c6ad0d530f8f1b4e81577084a32b-bundlec280.js]
[musikschule-cms-bielefeld.de/css/a189c6ad0d530f8f1b4e81577084a32b-bundlec280.css]
[musikschule-cms-bielefeld.de/js/a189c6ad0d53105caad4e870cb5d94bb-bundlec280.js]
[musikschule-cms-bielefeld.de/css/a189c6ad0d53105caad4e870cb5d94bb-bundlec280.css]
[musikschule-cms-bielefeld.de/js/a189c6ad0d53111c40e9f9adc5662a96-bundlec280.js]
[musikschule-cms-bielefeld.de/css/a189c6ad0d53111c40e9f9adc5662a96-bundlec280.css]
[musikschule-cms-bielefeld.de/js/a189c6ad0d531227d8f34ecfcbba41c7-bundlec280.js]
[musikschule-cms-bielefeld.de/css/a189c6ad0d531227d8f34ecfcbba41c7-bundlec280.css]
[musikschule-cms-bielefeld.de/js/a189c6ad0d5313634269f30f3afdc8c4-bundlec280.js]
[musikschule-cms-bielefeld.de/css/a189c6ad0d5313634269f30f3afdc8c4-bundlec280.css]
[musikschule-cms-bielefeld.de/js/a189c6ad0d53199f8bb38e59ab5c43fb-bundlec280.js]
[musikschule-cms-bielefeld.de/css/a189c6ad0d53199f8bb38e59ab5c43fb-bundlec280.css]
[musikschule-cms-bielefeld.de/js/a189c6ad0d5314e4d2c452d2c6fe61a6-bundlec280.js]
[musikschule-cms-bielefeld.de/css/a189c6ad0d5314e4d2c452d2c6fe61a6-bundlec280.css]
[musikschule-cms-bielefeld.de/js/a189c6ad0d5315c3bc47d460e66399ad-bundlec280.js]
[musikschule-cms-bielefeld.de/css/a189c6ad0d5315c3bc47d460e66399ad-bundlec280.css]
[musikschule-cms-bielefeld.de/js/a189c6ad0d53177f0e4247d98cd4ea6f-bundlec280.js]
[musikschule-cms-bielefeld.de/css/a189c6ad0d53177f0e4247d98cd4ea6f-bundlec280.css]
[musikschule-cms-bielefeld.de/js/a189c6ad0d53187bdebc846f14630a33-bundlec280.js]
[musikschule-cms-bielefeld.de/css/a189c6ad0d53187bdebc846f14630a33-bundlec280.css]
[musikschule-cms-bielefeld.de/js/a189c6ad0d531a41c58d199dbc186615-bundlec280.js]
[musikschule-cms-bielefeld.de/css/a189c6ad0d531a41c58d199dbc186615-bundlec280.css]
[musikschule-cms-bielefeld.de/js/a189c6ad0d531cd60c2cadddf6c86771-bundlec280.js]
[musikschule-cms-bielefeld.de/css/a189c6ad0d531cd60c2cadddf6c86771-bundlec280.css]
[musikschule-cms-bielefeld.de/js/a189c6ad0d531e94613b233ed99bcfe2-bundlec280.js]
[musikschule-cms-bielefeld.de/css/a189c6ad0d531e94613b233ed99bcfe2-bundlec280.css]
[musikschule-cms-bielefeld.de/css/a189c6ad0d5301afb29c1da274468610-bundlec280.css]
[musikschule-cms-bielefeld.de/js/a189c6ad0d5302ab68dd9a471ebbc677-bundlec280.js]
[musikschule-cms-bielefeld.de/css/a189c6ad0d5302ab68dd9a471ebbc677-bundlec280.css]
[musikschule-cms-bielefeld.de/js/a189c6ad0d5303df81bf01dec5ab44d1-bundlec280.js]
[musikschule-cms-bielefeld.de/css/a189c6ad0d5303df81bf01dec5ab44d1-bundlec280.css]
[musikschule-cms-bielefeld.de/js/a189c6ad0d53042b239b0d6224b8aced-bundlec280.js]
[musikschule-cms-bielefeld.de/css/a189c6ad0d53042b239b0d6224b8aced-bundlec280.css]
[musikschule-cms-bielefeld.de/js/a189c6ad0d5305b029c7a931a341fda2-bundlec280.js]
[musikschule-cms-bielefeld.de/css/fonts/custom/Roboto/KFOiCnqEu92Fr1Mu51QrIzc.ttf]
[musikschule-cms-bielefeld.de/css/fonts/custom/Roboto/KFOjCnqEu92Fr1Mu51TjARc9.ttf]
[musikschule-cms-bielefeld.de/css/fonts/custom/Roboto/KFOkCnqEu92Fr1Mu52xP.ttf]
[musikschule-cms-bielefeld.de/css/fonts/custom/Roboto/KFOjCnqEu92Fr1Mu51S7ABc9.ttf]
[musikschule-cms-bielefeld.de/css/fonts/custom/Roboto/KFOjCnqEu92Fr1Mu51TzBhc9.ttf]
[musikschule-cms-bielefeld.de/css/fonts/custom/Roboto/KFOjCnqEu92Fr1Mu51TLBBc9.ttf]
[musikschule-cms-bielefeld.de/css/fonts/custom/Roboto/KFOkCnqEu92Fr1MmgWxP.ttf]
[musikschule-cms-bielefeld.de/css/fonts/custom/Roboto/KFOlCnqEu92Fr1MmSU5vAw.ttf]
[musikschule-cms-bielefeld.de/css/fonts/custom/Roboto/KFOmCnqEu92Fr1Me5Q.ttf]
[musikschule-cms-bielefeld.de/css/fonts/custom/Roboto/KFOlCnqEu92Fr1MmEU9vAw.ttf]
[musikschule-cms-bielefeld.de/css/fonts/custom/Roboto/KFOlCnqEu92Fr1MmWUlvAw.ttf]
[musikschule-cms-bielefeld.de/css/fonts/custom/Roboto/KFOlCnqEu92Fr1MmYUtvAw.ttf]
[musikschule-cms-bielefeld.de/gallery_gen/755c30e08eb94f1c1ba10fa6fd1f80ca_fit.png]
[musikschule-cms-bielefeld.de/css/a189c6ad0d5305b029c7a931a341fda2-bundlec280.css]
[musikschule-cms-bielefeld.de/js/a189c6ad0d53060401b8cdd78e956bfa-bundlec280.js]
[musikschule-cms-bielefeld.de/css/a189c6ad0d53060401b8cdd78e956bfa-bundlec280.css]
[musikschule-cms-bielefeld.de/js/a189c6ad0d53074d1943e233605b6bd8-bundlec280.js]
[musikschule-cms-bielefeld.de/css/a189c6ad0d53074d1943e233605b6bd8-bundlec280.css]
